HELLOWORLD
HELLO
WORLD
H4110_W0R1D
!@#$%^&*()
1234567890
`~-=[]\;',./
_+{}|:"<>?
